// Vitest Snapshot v1, https://vitest.dev/guide/snapshot.html

exports[`make ToC from given HTML element 1`] = `"<div><div data-testid=\\"toc-tree\\"><p class=\\"mb-1.5 font-light\\"><a class=\\"link-hover link\\">0</a></p> <ul></ul></div><!--<TocTree>--><div data-testid=\\"toc-tree\\"><p class=\\"mb-1.5 font-light\\"><a class=\\"link-hover link\\">1</a></p> <ul><li class=\\"ml-8\\"><div data-testid=\\"toc-tree\\"><p class=\\"mb-1.5 font-light\\"><a class=\\"link-hover link\\">2</a></p> <ul></ul></div><!--<TocTree>--> </li><li class=\\"ml-8\\"><div data-testid=\\"toc-tree\\"><p class=\\"mb-1.5 font-light\\"><a class=\\"link-hover link\\">3</a></p> <ul></ul></div><!--<TocTree>--> </li><li class=\\"ml-8\\"><div data-testid=\\"toc-tree\\"><p class=\\"mb-1.5 font-light\\"><a class=\\"link-hover link\\">4</a></p> <ul><li class=\\"ml-8\\"><div data-testid=\\"toc-tree\\"><p class=\\"mb-1.5 font-light\\"><a class=\\"link-hover link\\">5</a></p> <ul></ul></div><!--<TocTree>--> </li></ul></div><!--<TocTree>--> </li><li class=\\"ml-8\\"><div data-testid=\\"toc-tree\\"><p class=\\"mb-1.5 font-light\\"><a class=\\"link-hover link\\">6</a></p> <ul></ul></div><!--<TocTree>--> </li></ul></div><!--<TocTree>--><div data-testid=\\"toc-tree\\"><p class=\\"mb-1.5 font-light\\"><a class=\\"link-hover link\\">7</a></p> <ul><li class=\\"ml-8\\"><div data-testid=\\"toc-tree\\"><p class=\\"mb-1.5 font-light\\"><a class=\\"link-hover link\\">8</a></p> <ul><li class=\\"ml-8\\"><div data-testid=\\"toc-tree\\"><p class=\\"mb-1.5 font-light\\"><a class=\\"link-hover link\\">9</a></p> <ul><li class=\\"ml-8\\"><div data-testid=\\"toc-tree\\"><p class=\\"mb-1.5 font-light\\"><a class=\\"link-hover link\\">10</a></p> <ul></ul></div><!--<TocTree>--> </li></ul></div><!--<TocTree>--> </li></ul></div><!--<TocTree>--> </li><li class=\\"ml-8\\"><div data-testid=\\"toc-tree\\"><p class=\\"mb-1.5 font-light\\"><a class=\\"link-hover link\\">11</a></p> <ul><li class=\\"ml-8\\"><div data-testid=\\"toc-tree\\"><p class=\\"mb-1.5 font-light\\"><a class=\\"link-hover link\\">12</a></p> <ul></ul></div><!--<TocTree>--> </li></ul></div><!--<TocTree>--> </li></ul></div><!--<TocTree>--></div>"`;
